<!DOCTYPE html>

<head>
    <link rel="stylesheet" type="text/css" href="/styles/c.css">
</head>

<body>
    <script src="~/scripts/a.js"></script>
</body>

</html>