<!DOCTYPE html>

<head>
    <link rel="stylesheet" type="text/css" href="/styles/c.css">

    <link rel="stylesheet" type="text/css" href="~/styles/d.css">
</head>

<body>
    <script src="~/scripts/a.js"></script>

    <script src="/sub/b.js"></script>
</body>

</html>